<?xml version="1.0" encoding="UTF-8"?>
<?mso-application progid="Excel.Sheet"?><Workbook xmlns="urn:schemas-microsoft-com:office:spreadsheet" xmlns:c="urn:schemas-microsoft-com:office:component:spreadsheet" xmlns:html="http://www.w3.org/TR/REC-html40" xmlns:o="urn:schemas-microsoft-com:office:office" xmlns:ss="urn:schemas-microsoft-com:office:spreadsheet" xmlns:x2="http://schemas.microsoft.com/office/excel/2003/xml" xmlns:x="urn:schemas-microsoft-com:office:excel" xmlns:xsi="http://www.w3.org/2001/XMLSchema-instance"><OfficeDocumentSettings xmlns="urn:schemas-microsoft-com:office:office"><Colors><Color><Index>3</Index><RGB>#c0c0c0</RGB></Color><Color><Index>4</Index><RGB>#ff0000</RGB></Color></Colors></OfficeDocumentSettings><ExcelWorkbook xmlns="urn:schemas-microsoft-com:office:excel"><WindowHeight>9000</WindowHeight><WindowWidth>13860</WindowWidth><WindowTopX>240</WindowTopX><WindowTopY>75</WindowTopY><ProtectStructure>False</ProtectStructure><ProtectWindows>False</ProtectWindows></ExcelWorkbook><Styles><Style ss:ID="Default" ss:Name="Default"/><Style ss:ID="Result" ss:Name="Result"><Font ss:Bold="1" ss:Italic="1" ss:Underline="Single"/></Style><Style ss:ID="Result2" ss:Name="Result2"><Font ss:Bold="1" ss:Italic="1" ss:Underline="Single"/><NumberFormat ss:Format="Currency"/></Style><Style ss:ID="Heading" ss:Name="Heading"><Font ss:Bold="1" ss:Italic="1" ss:Size="16"/></Style><Style ss:ID="Heading1" ss:Name="Heading1"><Font ss:Bold="1" ss:Italic="1" ss:Size="16"/></Style><Style ss:ID="co1"/><Style ss:ID="co2"/><Style ss:ID="co3"/><Style ss:ID="ta1"/></Styles><ss:Worksheet ss:Name="Sheet1"><Table ss:StyleID="ta1"><Column ss:Width="64.01"/><Column ss:Width="94.14"/><Column ss:Width="112.71"/><Row ss:Height="12.81"><Cell ss:Index="2"><Data ss:Type="String">Simple Data, us</Data></Cell><Cell><Data ss:Type="String">Long text, us</Data></Cell></Row><Row ss:Height="12.81"><Cell><Data ss:Type="String">BM </Data></Cell><Cell><Data ss:Type="Number">34</Data></Cell><Cell><Data ss:Type="Number">5</Data></Cell></Row><Row ss:Height="12.81"><Cell><Data ss:Type="String">KMP</Data></Cell><Cell><Data ss:Type="Number">4.18</Data></Cell><Cell><Data ss:Type="Number">11.7</Data></Cell></Row><Row ss:Height="12.81"><Cell ss:Index="3"/></Row><Row ss:Height="12.81"><Cell><Data ss:Type="String">Вывод: на небольших объемах данных с ключевым словом в конце строки преимущество у алгоритма Кнута-Морриса-Прата. При работе с большой строкой с ключевым словом в ее конце выигрывает алгоритм Бойера-Мура</Data></Cell><Cell ss:Index="3"/></Row></Table><x:WorksheetOptions/></ss:Worksheet></Workbook>